// Jest Snapshot v1, https://goo.gl/fbAQLP

exports[`Deve renderizar o ADisplay corretamente Deve preservar a estrutura visual do ADisplay 1`] = `null`;
