// Jest Snapshot v1, https://goo.gl/fbAQLP

exports[`Deve renderizar o AText corretamente Deve preservar a estrutura visual do componente 1`] = `null`;
