// Jest Snapshot v1, https://goo.gl/fbAQLP

exports[`Deve renderizar o Button corretamente Deve preservar a estrutura visual do componente 1`] = `
<button
  className="sc-guDLey jfyRfX"
>
  AButton
</button>
`;
