// Jest Snapshot v1, https://goo.gl/fbAQLP

exports[`Deve renderizar o AText corretamente Deve preservar a estrutura visual do componente 1`] = `
<p
  className="sc-beySPh jSZPYW"
  data-testid="a-text"
>
  A-Text
</p>
`;
